.\venv\Scripts\python.exe 
: C:\Users\ryani\Desktop\SW
ITCHGUARD\backend\venv\Lib\
site-packages\requests\__in
it__.py:109: 
RequestsDependencyWarning: 
urllib3 (2.6.3) or chardet 
(7.4.0.post2)/charset_norma
lizer (3.4.7) doesn't 
match a supported version!
At line:1 char:1
+ 
.\venv\Scripts\python.exe 
main.py 2> error_log.txt
+ ~~~~~~~~~~~~~~~~~~~~~~~~~
~~~~~~~~~~~~~~~~~~~~~~~~~
    + CategoryInfo         
     : NotSpecified: (C:\  
  Users\ryani\...ported    
 version!:String) [], R    
emoteException
    + FullyQualifiedErrorI 
   d : NativeCommandError
 
  warnings.warn(
Traceback (most recent 
call last):
  File "C:\Users\ryani\Desk
top\SWITCHGUARD\backend\mai
n.py", line 54, in <module>
    from routes import 
admin_routes, auth_routes, 
notification_routes, 
schedule_routes, 
ws_routes, tenant_routes, 
remediation_routes, 
chain_routes, 
analytics_routes, 
portal_routes
  File "C:\Users\ryani\Desk
top\SWITCHGUARD\backend\rou
tes\remediation_routes.py",
 line 4, in <module>
    from services.predictiv
e_service import 
PredictiveService
ImportError: cannot import 
name 'PredictiveService' 
from 'services.predictive_s
ervice' (C:\Users\ryani\Des
ktop\SWITCHGUARD\backend\se
rvices\predictive_service.p
y). Did you mean: 
'predictive_service'?
